Cloud-Powered Sales Insights Dashboard/sample_sales_data.csv
Date,Product,Region,Units Sold,Unit Price,Total Sales
2023-11-24,Laptop,East Coast,9,405.09,3645.81
2023-08-05,Laptop,East Coast,3,367.03,1101.09
2023-06-22,Laptop,East Coast,13,190.24,2473.12
2023-10-09,Laptop,East Coast,18,1262.24,22720.32
2023-04-22,Laptop,East Coast,11,132.89,1461.79
2023-03-17,Laptop,East Coast,8,1476.71,11813.68
2023-12-06,Laptop,East Coast,14,246.76,3454.64
2023-08-29,Laptop,East Coast,12,375.12,4501.44
2023-09-09,Laptop,East Coast,19,462.29,8783.51
2023-09-16,Keyboard,East Coast,18,338.31,6089.58
2023-03-24,Keyboard,East Coast,20,520.03,10400.6
2023-05-04,Keyboard,East Coast,3,1111.27,3333.81
2023-12-01,Keyboard,East Coast,18,484.1,8713.8
2023-07-27,Keyboard,East Coast,10,466.02,4660.2
2023-06-13,Keyboard,East Coast,5,268.7,1343.5
2023-03-07,Keyboard,East Coast,13,908.24,11807.12
2023-02-25,Keyboard,East Coast,10,884.91,8849.1
2023-05-22,Keyboard,East Coast,17,1424.69,24219.73
2023-01-31,Keyboard,East Coast,7,957.0,6699.0
2023-11-29,Mouse,South,8,701.35,5610.8
2023-07-22,Mouse,South,5,434.08,2170.4
2023-05-23,Mouse,South,7,831.89,5823.23
2023-12-23,Mouse,South,5,325.35,1626.75
2023-01-23,Mouse,South,1,803.88,803.88
2023-05-04,Mouse,South,16,699.85,11197.6
2023-06-05,Mouse,South,9,775.68,6981.12
2023-01-01,Mouse,South,14,128.6,1800.4
2023-05-23,Tablet,East Coast,6,1062.3,6373.8
2023-04-30,Tablet,East Coast,13,453.06,5889.78
2023-10-11,Tablet,East Coast,4,1038.48,4153.92
2023-06-23,Tablet,East Coast,8,327.81,2622.48
2023-05-23,Tablet,East Coast,9,559.16,5032.44
2023-11-09,Tablet,East Coast,15,650.94,9764.1
2023-02-05,Tablet,East Coast,1,1426.94,1426.94
2023-04-13,Tablet,East Coast,20,270.95,5419.0
2023-11-04,Tablet,East Coast,19,1184.82,22511.58
2023-07-25,Tablet,East Coast,15,177.69,2665.35
2023-06-26,Keyboard,Midwest,2,1108.11,2216.22
2023-11-18,Keyboard,Midwest,19,328.82,6247.58
2023-12-03,Keyboard,Midwest,9,346.18,3115.62
2023-06-03,Keyboard,Midwest,14,522.97,7321.58
2023-05-26,Keyboard,Midwest,3,1236.71,3710.13
2023-10-14,Keyboard,Midwest,15,938.35,14075.25
2023-01-28,Keyboard,Midwest,5,974.91,4874.55
2023-05-30,Keyboard,Midwest,14,1260.35,17644.9
2023-04-18,Mouse,Midwest,3,933.24,2799.72
2023-05-07,Mouse,Midwest,19,671.23,12753.37
2023-12-10,Mouse,Midwest,15,1354.44,20316.6
2023-04-18,Mouse,Midwest,7,1046.87,7328.09
2023-05-01,Mouse,Midwest,8,1219.52,9756.16
2023-02-09,Mouse,Midwest,8,443.99,3551.92
2023-08-27,Mouse,Midwest,12,293.29,3519.48
2023-05-22,Mouse,Midwest,4,1257.31,5029.24
2023-05-28,Mouse,Midwest,15,153.21,2298.15
2023-08-10,Mouse,Midwest,20,413.03,8260.6
2023-03-29,Keyboard,West Coast,6,720.28,4321.68
2023-05-15,Keyboard,West Coast,17,1373.31,23346.27
2023-01-11,Keyboard,West Coast,19,369.32,7017.08
2023-07-09,Keyboard,West Coast,14,234.8,3287.2
2023-07-28,Keyboard,West Coast,8,1303.68,10429.44
2023-11-19,Keyboard,West Coast,13,766.85,9969.05
2023-08-03,Keyboard,West Coast,16,368.16,5890.56
2023-12-29,Keyboard,West Coast,9,116.0,1044.0
2023-11-07,Keyboard,West Coast,17,601.55,10226.35
2023-04-08,Keyboard,West Coast,3,450.56,1351.68
2023-01-29,Smartphone,East Coast,11,631.69,6948.59
2023-07-28,Smartphone,East Coast,4,1005.52,4022.08
2023-08-25,Smartphone,East Coast,15,1221.63,18324.45
2023-10-19,Smartphone,East Coast,20,168.88,3377.6
2023-04-27,Smartphone,East Coast,7,627.78,4394.46
2023-05-05,Smartphone,East Coast,4,1178.71,4714.84
2023-08-25,Smartphone,East Coast,9,599.7,5397.3
2023-11-18,Smartphone,East Coast,10,1282.93,12829.3
2023-02-13,Smartphone,East Coast,18,1158.44,20851.92
2023-02-16,Smartphone,East Coast,9,885.56,7970.04
2023-10-26,Monitor,Midwest,8,1496.12,11968.96
2023-01-02,Monitor,Midwest,15,463.61,6954.15
2023-09-18,Monitor,Midwest,1,217.25,217.25
2023-09-01,Monitor,Midwest,8,1267.8,10142.4
2023-04-19,Monitor,Midwest,11,1153.78,12691.58
2023-02-24,Monitor,Midwest,15,1075.6,16134.0
2023-06-26,Monitor,Midwest,12,1069.14,12829.68
2023-09-03,Monitor,Midwest,6,1449.97,8699.82
2023-07-13,Monitor,Midwest,7,1472.12,10304.84
2023-03-12,Keyboard,South,3,1145.88,3437.64
2023-10-20,Keyboard,South,8,1187.7,9501.6
2023-05-16,Keyboard,South,9,1362.74,12264.66
2023-08-15,Keyboard,South,18,64.02,1152.36
2023-06-27,Keyboard,South,12,149.99,1799.88
2023-10-19,Keyboard,South,11,91.61,1007.71
2023-12-19,Keyboard,South,10,97.33,973.3
2023-01-08,Keyboard,South,3,375.82,1127.46
2023-05-03,Keyboard,South,8,1291.22,10329.76
2023-08-11,Smartphone,South,1,1433.03,1433.03
2023-09-04,Smartphone,South,2,288.72,577.44
2023-04-24,Smartphone,South,12,492.53,5910.36
2023-12-12,Smartphone,South,6,1005.33,6031.98
2023-04-23,Smartphone,South,2,858.24,1716.48
2023-06-16,Smartphone,South,7,564.5,3951.5
2023-02-13,Smartphone,South,16,855.01,13680.16
2023-08-30,Smartphone,South,18,259.73,4675.14
2023-04-01,Monitor,East Coast,6,1118.02,6708.12
2023-08-04,Monitor,East Coast,19,601.55,11429.45
2023-08-12,Monitor,East Coast,13,537.39,6986.07
2023-03-06,Monitor,East Coast,19,1424.25,27060.75
2023-07-25,Monitor,East Coast,19,962.7,18291.3
2023-09-10,Monitor,East Coast,20,107.8,2156.0
2023-12-24,Monitor,East Coast,1,1461.06,1461.06
2023-02-28,Monitor,East Coast,5,772.64,3863.2
2023-08-11,Headphones,Midwest,14,929.0,13006.0
2023-12-07,Headphones,Midwest,4,1093.64,4374.56
2023-01-04,Headphones,Midwest,13,1287.5,16737.5
2023-10-31,Headphones,Midwest,8,1254.56,10036.48
2023-05-13,Headphones,Midwest,20,1066.72,21334.4
2023-05-05,Headphones,Midwest,16,852.54,13640.64
2023-05-19,Headphones,Midwest,8,224.95,1799.6
2023-07-29,Headphones,Midwest,4,1293.71,5174.84
2023-08-01,Headphones,Midwest,1,460.12,460.12
2023-09-05,Headphones,Midwest,18,1156.17,20811.06
